Syntax error in ./bad-token.stox at line,col 3,1
3. ⚡// no such token
   ↑
Unrecognized input
Parse error in ./bad-token.stox at line,col 8,8
8. World!"
          ↑
Expected ;
