... still toasting...
Bagel is ready
... still toasting...
Bagel is ready
