Runtime error in ./class-syntax.stox at line,col 15,13
15. print bagel.isReady ? "Bagel is ready" : "... still toasting...";
                â†‘
Undefined property [isReady].
