Syntax error in ./comments.stox at line,col 21,1
21. /* if you forget to close it.
    â†‘
Unclosed comment
