Runtime error in ./divide-by-zero.stox at line,col 3,9
3. print 1 / 0;
           â†‘
divide by zero
