VAR[4,1]
IDENTIFIER[4,5]
EQUAL[4,7]
NUMBER[4,9]
SEMICOLON[4,10]
VAR[7,1]
IDENTIFIER[7,5]
EQUAL[7,7]
LEFT_PAREN[7,9]
IDENTIFIER[7,10]
EQUAL[7,12]
IDENTIFIER[7,14]
PLUS[7,16]
NUMBER[7,18]
COMMA[7,19]
IDENTIFIER[7,21]
RIGHT_PAREN[7,22]
SEMICOLON[7,23]
LEFT_PAREN[10,1]
IDENTIFIER[10,2]
EQUAL_EQUAL[10,4]
IDENTIFIER[10,7]
RIGHT_PAREN[10,8]
AND[10,10]
LEFT_PAREN[10,14]
IDENTIFIER[10,15]
EQUAL[10,17]
IDENTIFIER[10,19]
PLUS[10,21]
NUMBER[10,23]
RIGHT_PAREN[10,24]
SEMICOLON[10,25]
LEFT_PAREN[13,1]
IDENTIFIER[13,2]
EQUAL_EQUAL[13,4]
IDENTIFIER[13,7]
RIGHT_PAREN[13,8]
OR[13,10]
LEFT_PAREN[13,13]
IDENTIFIER[13,14]
EQUAL[13,16]
IDENTIFIER[13,18]
PLUS[13,20]
NUMBER[13,22]
RIGHT_PAREN[13,23]
SEMICOLON[13,24]
LEFT_PAREN[16,1]
IDENTIFIER[16,2]
BANG_EQUAL[16,4]
IDENTIFIER[16,7]
RIGHT_PAREN[16,8]
OR[16,10]
LEFT_PAREN[16,13]
IDENTIFIER[16,14]
EQUAL[16,16]
IDENTIFIER[16,18]
PLUS[16,20]
NUMBER[16,22]
RIGHT_PAREN[16,23]
SEMICOLON[16,24]
PRINT[19,1]
IDENTIFIER[19,7]
PLUS[19,9]
STRING[19,11]
PLUS[19,15]
IDENTIFIER[19,17]
SEMICOLON[19,18]
PRINT[21,1]
LEFT_PAREN[21,7]
IDENTIFIER[21,8]
PLUS[21,10]
STRING[21,12]
PLUS[21,16]
IDENTIFIER[21,18]
RIGHT_PAREN[21,19]
EQUAL_EQUAL[21,21]
STRING[21,24]
QUESTION[21,30]
STRING[21,32]
COLON[21,39]
STRING[21,41]
SEMICOLON[21,48]
