VAR[3,1]
IDENTIFIER[3,5]
EQUAL[3,10]
STRING[3,12]
SEMICOLON[3,18]
PRINT[4,1]
STRING[4,7]
PLUS[4,17]
IDENTIFIER[4,19]
PLUS[4,24]
STRING[4,26]
SEMICOLON[4,29]
