Parse error in ./semantic-return.stox at line,col 4,3
4.   return;
     â†‘
No return from top-level allowed
