LEFT_CURL[3,1]
RETURN[4,3]
SEMICOLON[4,9]
RIGHT_CURL[5,1]
