Token error in ./comments.stoa at line,col 21,1
21. /* if you forget to close it.
    â†‘
Unclosed comment at line 21, column 1.
