PRINT[3,1]
NUMBER[3,7]
SLASH[3,9]
NUMBER[3,11]
SEMICOLON[3,12]
