(program 
   (var a a)
   (var a A)
   (block 
      (var a Eh.)
      (var b Be)
      (var b bee)
   )
   (block 
      (var a eh...)
      (var c Si)
      (var c Sea)
   )
)
